MPLINK 5.09, LINKER
Linker Map File - Created Wed Apr 02 15:24:46 2025

                                 Section Info
                  Section       Type    Address   Location Size(Bytes)
                ---------  ---------  ---------  ---------  ---------
                   .org_0       code   0x000000    program   0x000002
                   .cinit    romdata   0x000001    program   0x000004
                   .org_1       code   0x000004    program   0x000026
          INITIALIZE_CODE       code   0x000017    program   0x000102
         SUBROUTINES_CODE       code   0x000098    program   0x0000b8
.config_8007_BUILD/DEFAULT/PRODUCTION/_EXT/14       code   0x008007    program   0x000002
.config_8008_BUILD/DEFAULT/PRODUCTION/_EXT/14       code   0x008008    program   0x000002



                              Program Memory Usage 
                               Start         End      
                           ---------   ---------      
                            0x000000    0x000002      
                            0x000004    0x0000f3      
                            0x008007    0x008008      
            245 out of 16647 program addresses used, program memory utilization is 1%



                              Symbols - Sorted by Name
                     Name    Address   Location    Storage File                     
                ---------  ---------  ---------  --------- ---------                
      CHECK_READ_OR_WRITE   0x00009e    program     static ..\SUBROUTINES.inc       
        DEACTIVATE_TARGET   0x0000ba    program     static ..\SUBROUTINES.inc       
                   GOBACK   0x000012    program     static ..\Project_Slave_001.asm 
               INITIALIZE   0x000017    program     static ..\16F1788_SETUP.inc     
                INTERRUPT   0x000007    program     static ..\Project_Slave_001.asm 
                     MAIN   0x000016    program     static ..\Project_Slave_001.asm 
                  RECEIVE   0x000098    program     static ..\SUBROUTINES.inc       
       RECORD_PLAYER1_HIT   0x0000bf    program     static ..\SUBROUTINES.inc       
       RECORD_PLAYER2_HIT   0x0000e0    program     static ..\SUBROUTINES.inc       
                SAVE_DATA   0x0000a1    program     static ..\SUBROUTINES.inc       
                    SETUP   0x000005    program     static ..\Project_Slave_001.asm 
     SET_ADDRESS_RECEIVED   0x0000a8    program     static ..\SUBROUTINES.inc       
          TRANSMIT_STATUS   0x0000aa    program     static ..\SUBROUTINES.inc       
            WAIT_FOR_TMR1   0x0000e8    program     static ..\SUBROUTINES.inc       
   _SUBROUTINES_CODE_0058   0x0000f0    program     static ..\SUBROUTINES.inc       



                              Symbols - Sorted by Address
                     Name    Address   Location    Storage File                     
                ---------  ---------  ---------  --------- ---------                
                    SETUP   0x000005    program     static ..\Project_Slave_001.asm 
                INTERRUPT   0x000007    program     static ..\Project_Slave_001.asm 
                   GOBACK   0x000012    program     static ..\Project_Slave_001.asm 
                     MAIN   0x000016    program     static ..\Project_Slave_001.asm 
               INITIALIZE   0x000017    program     static ..\16F1788_SETUP.inc     
                  RECEIVE   0x000098    program     static ..\SUBROUTINES.inc       
      CHECK_READ_OR_WRITE   0x00009e    program     static ..\SUBROUTINES.inc       
                SAVE_DATA   0x0000a1    program     static ..\SUBROUTINES.inc       
     SET_ADDRESS_RECEIVED   0x0000a8    program     static ..\SUBROUTINES.inc       
          TRANSMIT_STATUS   0x0000aa    program     static ..\SUBROUTINES.inc       
        DEACTIVATE_TARGET   0x0000ba    program     static ..\SUBROUTINES.inc       
       RECORD_PLAYER1_HIT   0x0000bf    program     static ..\SUBROUTINES.inc       
       RECORD_PLAYER2_HIT   0x0000e0    program     static ..\SUBROUTINES.inc       
            WAIT_FOR_TMR1   0x0000e8    program     static ..\SUBROUTINES.inc       
   _SUBROUTINES_CODE_0058   0x0000f0    program     static ..\SUBROUTINES.inc       


