MPLINK 5.09, LINKER
Linker Map File - Created Mon Apr 07 14:13:50 2025

                                 Section Info
                  Section       Type    Address   Location Size(Bytes)
                ---------  ---------  ---------  ---------  ---------
                   .org_0       code   0x000000    program   0x000002
                   .cinit    romdata   0x000001    program   0x000004
                   .org_1       code   0x000004    program   0x00002e
          INITIALIZE_CODE       code   0x00001b    program   0x0000ee
         SUBROUTINES_CODE       code   0x000092    program   0x0000ba
.config_8007_BUILD/DEFAULT/PRODUCTION/_EXT/14       code   0x008007    program   0x000002
.config_8008_BUILD/DEFAULT/PRODUCTION/_EXT/14       code   0x008008    program   0x000002



                              Program Memory Usage 
                               Start         End      
                           ---------   ---------      
                            0x000000    0x000002      
                            0x000004    0x0000ee      
                            0x008007    0x008008      
            240 out of 16647 program addresses used, program memory utilization is 1%



                              Symbols - Sorted by Name
                     Name    Address   Location    Storage File                     
                ---------  ---------  ---------  --------- ---------                
                     BAD1   0x0000e7    program     static ..\MASTER_SUBROUTINES.inc
                 CHECKR_W   0x0000e3    program     static ..\MASTER_SUBROUTINES.inc
                   GOBACK   0x000011    program     static ..\LA_Master.asm         
                  I2CIDLE   0x0000dd    program     static ..\MASTER_SUBROUTINES.inc
               INITIALIZE   0x00001b    program     static ..\MASTER_SETUP.inc      
                INTERRUPT   0x000007    program     static ..\LA_Master.asm         
                    LOOP5   0x0000ea    program     static ..\MASTER_SUBROUTINES.inc
                     MAIN   0x000014    program     static ..\LA_Master.asm         
           PLAYER1_SCORED   0x0000d5    program     static ..\MASTER_SUBROUTINES.inc
           PLAYER2_SCORED   0x0000d9    program     static ..\MASTER_SUBROUTINES.inc
                     READ   0x00000e    program     static ..\LA_Master.asm         
       READ_TARGET_STATUS   0x0000b1    program     static ..\MASTER_SUBROUTINES.inc
              SEND_ENABLE   0x000092    program     static ..\MASTER_SUBROUTINES.inc
                    SETUP   0x000005    program     static ..\LA_Master.asm         
       TEST_RECEIVED_BYTE   0x0000cf    program     static ..\MASTER_SUBROUTINES.inc
                    WRITE   0x000010    program     static ..\LA_Master.asm         
   _SUBROUTINES_CODE_0004   0x000096    program     static ..\MASTER_SUBROUTINES.inc
   _SUBROUTINES_CODE_000A   0x00009c    program     static ..\MASTER_SUBROUTINES.inc
   _SUBROUTINES_CODE_0014   0x0000a6    program     static ..\MASTER_SUBROUTINES.inc
   _SUBROUTINES_CODE_001B   0x0000ad    program     static ..\MASTER_SUBROUTINES.inc
   _SUBROUTINES_CODE_0024   0x0000b6    program     static ..\MASTER_SUBROUTINES.inc
   _SUBROUTINES_CODE_002A   0x0000bc    program     static ..\MASTER_SUBROUTINES.inc
   _SUBROUTINES_CODE_0032   0x0000c4    program     static ..\MASTER_SUBROUTINES.inc
   _SUBROUTINES_CODE_0039   0x0000cb    program     static ..\MASTER_SUBROUTINES.inc



                              Symbols - Sorted by Address
                     Name    Address   Location    Storage File                     
                ---------  ---------  ---------  --------- ---------                
                    SETUP   0x000005    program     static ..\LA_Master.asm         
                INTERRUPT   0x000007    program     static ..\LA_Master.asm         
                     READ   0x00000e    program     static ..\LA_Master.asm         
                    WRITE   0x000010    program     static ..\LA_Master.asm         
                   GOBACK   0x000011    program     static ..\LA_Master.asm         
                     MAIN   0x000014    program     static ..\LA_Master.asm         
               INITIALIZE   0x00001b    program     static ..\MASTER_SETUP.inc      
              SEND_ENABLE   0x000092    program     static ..\MASTER_SUBROUTINES.inc
   _SUBROUTINES_CODE_0004   0x000096    program     static ..\MASTER_SUBROUTINES.inc
   _SUBROUTINES_CODE_000A   0x00009c    program     static ..\MASTER_SUBROUTINES.inc
   _SUBROUTINES_CODE_0014   0x0000a6    program     static ..\MASTER_SUBROUTINES.inc
   _SUBROUTINES_CODE_001B   0x0000ad    program     static ..\MASTER_SUBROUTINES.inc
       READ_TARGET_STATUS   0x0000b1    program     static ..\MASTER_SUBROUTINES.inc
   _SUBROUTINES_CODE_0024   0x0000b6    program     static ..\MASTER_SUBROUTINES.inc
   _SUBROUTINES_CODE_002A   0x0000bc    program     static ..\MASTER_SUBROUTINES.inc
   _SUBROUTINES_CODE_0032   0x0000c4    program     static ..\MASTER_SUBROUTINES.inc
   _SUBROUTINES_CODE_0039   0x0000cb    program     static ..\MASTER_SUBROUTINES.inc
       TEST_RECEIVED_BYTE   0x0000cf    program     static ..\MASTER_SUBROUTINES.inc
           PLAYER1_SCORED   0x0000d5    program     static ..\MASTER_SUBROUTINES.inc
           PLAYER2_SCORED   0x0000d9    program     static ..\MASTER_SUBROUTINES.inc
                  I2CIDLE   0x0000dd    program     static ..\MASTER_SUBROUTINES.inc
                 CHECKR_W   0x0000e3    program     static ..\MASTER_SUBROUTINES.inc
                     BAD1   0x0000e7    program     static ..\MASTER_SUBROUTINES.inc
                    LOOP5   0x0000ea    program     static ..\MASTER_SUBROUTINES.inc


